PAYTON_HUBS/TRASH/WORKSPACE_GRANTS_DIRTY_PIPELINE__2026-01-20__2026-01-20__21-59-38/OUTPUT_SUBMISSION/PACK_04__Emotional_Infrastructure.zip
PAYTON_HUBS/TRASH/WORKSPACE_GRANTS_DIRTY_PIPELINE__2026-01-20__2026-01-20__21-59-38/OUTPUT_SUBMISSION/PACK_01__Emotional_Infrastructure.zip
PAYTON_HUBS/TRASH/WORKSPACE_GRANTS_DIRTY_PIPELINE__2026-01-20__2026-01-20__21-59-38/OUTPUT_SUBMISSION/PACK_07__Emotional_Infrastructure.zip
PAYTON_HUBS/TRASH/WORKSPACE_GRANTS_DIRTY_PIPELINE__2026-01-20__2026-01-20__21-59-38/OUTPUT_SUBMISSION/PACK_06__Emotional_Infrastructure.zip
PAYTON_HUBS/TRASH/WORKSPACE_GRANTS_DIRTY_PIPELINE__2026-01-20__2026-01-20__21-59-38/OUTPUT_SUBMISSION/PACK_03__Emotional_Infrastructure.zip
PAYTON_HUBS/TRASH/WORKSPACE_GRANTS_DIRTY_PIPELINE__2026-01-20__2026-01-20__21-59-38/OUTPUT_SUBMISSION/PACK_02__Emotional_Infrastructure.zip
PAYTON_HUBS/TRASH/WORKSPACE_GRANTS_DIRTY_PIPELINE__2026-01-20__2026-01-20__21-59-38/OUTPUT_SUBMISSION/PACK_05__Emotional_Infrastructure.zip
PAYTON_HUBS/HUB_LEGAL_FORENSIC/WEEKLY/WEEKLY__2026-01-11__to__2026-01-17__2026-01-17__23-37-52.zip
PAYTON_HUBS/HUB_LEGAL_FORENSIC/DAY_CLOSE/DAY_CLOSE__2026-01-13__2026-01-13__00-01-25.zip
PAYTON_HUBS/HUB_LEGAL_FORENSIC/DAY_CLOSE/DAY_CLOSE__2026-01-13__22-30-00.zip
PAYTON_HUBS/HUB_LEGAL_FORENSIC/DAY_CLOSE/DAY_CLOSE__2026-01-17__2026-01-17__04-20-36.zip
PAYTON_HUBS/HUB_LEGAL_FORENSIC/DAY_CLOSE/DAY_CLOSE__2026-01-16__2026-01-17__04-36-39.zip
PAYTON_HUBS/HUB_LEGAL_FORENSIC/DAY_CLOSE/DAY_CLOSE__2026-01-17__2026-01-17__23-48-25.zip
PAYTON_HUBS/HUB_LEGAL_FORENSIC/DAY_CLOSE/DAY_CLOSE__2026-01-17__2026-01-17__23-49-33.zip
PAYTON_HUBS/HUB_LEGAL_FORENSIC/DAY_CLOSE/DAY_CLOSE__2026-01-17__2026-01-17__23-51-26.zip
PAYTON_HUBS/HUB_LEGAL_FORENSIC/DAY_CLOSE/DAY_CLOSE__2026-01-18__2026-01-18__23-45-27.zip
PAYTON_HUBS/HUB_LEGAL_FORENSIC/DAY_CLOSE/DAY_CLOSE__2026-01-18__2026-01-18__23-45-48.zip
PAYTON_HUBS/HUB_LEGAL_FORENSIC/DAY_CLOSE/DAY_CLOSE__2026-01-18__RETRO__2026-01-19__00-26-20.zip
PAYTON_HUBS/HUB_LEGAL_FORENSIC/DAY_CLOSE/DAY_CLOSE__2026-01-16__2026-01-20__00-02-35.zip
PAYTON_HUBS/HUB_LEGAL_FORENSIC/DAY_CLOSE/DAY_CLOSE__2026-01-20__Asia-Jerusalem.zip
PAYTON_HUBS/HUB_LEGAL_FORENSIC/DAY_CLOSE/DAY_CLOSE__2026-01-18__Asia-Jerusalem.zip
PAYTON_HUBS/HUB_LEGAL_FORENSIC/DAY_BOOTSTRAP/DAY_BOOT__2026-01-11.zip
PAYTON_HUBS/HUB_LEGAL_FORENSIC/DAY_BOOTSTRAP/DAY_BOOT__2026-01-12__08-25-46.zip
PAYTON_HUBS/HUB_LEGAL_FORENSIC/DAY_BOOTSTRAP/DAY_BOOT__2026-01-14__09-10-00.zip
PAYTON_HUBS/HUB_LEGAL_FORENSIC/DAY_BOOTSTRAP/DAY_BOOT__2026-01-15__08-58-00__Asia-Jerusalem.zip
PAYTON_HUBS/HUB_LEGAL_FORENSIC/DAY_BOOTSTRAP/DAY_BOOT__2026-01-17__04-21-14.zip
PAYTON_HUBS/HUB_LEGAL_FORENSIC/DAY_BOOTSTRAP/DAY_BOOT__2026-01-17__23-48-13.zip
PAYTON_HUBS/HUB_LEGAL_FORENSIC/DAY_BOOTSTRAP/DAY_BOOT__2026-01-18__01-10-13.zip
PAYTON_HUBS/HUB_LEGAL_FORENSIC/DAY_BOOTSTRAP/DAY_BOOT__2026-01-18__13-25-07.zip
PAYTON_HUBS/HUB_LEGAL_FORENSIC/FIXATION_EXPORTS/FIXATION_SET__CORE_ZIP_OK__DAY_BOOT_REWRITE__2026-01-20__20-49__Asia-Jerusalem__2026-01-20__21-04-15.zip
PAYTON_HUBS/HUB_LEGAL_FORENSIC/FIXATION_EXPORTS/FIXATION_SET__DEMO_V1_AND_DEMO_STATE__2026-01-20__18-04__Asia-Jerusalem__2026-01-20__21-13-46.zip
PAYTON_HUBS/HUB_LEGAL_FORENSIC/FIXATION_EXPORTS/FIXATION_SET__DEMO_V1_AND_DEMO_STATE__2026-01-20__18-04__Asia-Jerusalem__2026-01-20__21-14-05.zip
PAYTON_HUBS/HUB_LEGAL_FORENSIC/FIXATION_EXPORTS/FIXATION_SET__DEMO_V1_AND_DEMO_STATE__2026-01-20__18-04__Asia-Jerusalem__FINAL__2026-01-20__21-15-27.zip
PAYTON_HUBS/HUB_LEGAL_FORENSIC/FIXATION_EXPORTS/FIXATION_SET__WORKSPACE_GRANTS_CLEANUP__2026-01-20__2026-01-20__21-59-38__Asia-Jerusalem.zip
